2025-08-02 11:58:06 [main] INFO  com.devsu.cliente.ClientApplication - Starting ClientApplication using Java 21.0.8 with PID 18549 (/home/ophy/Documents/devsu/devsu-backend-bp/ms-clientes/build/classes/java/main started by ophy in /home/ophy/Documents/devsu/devsu-backend-bp/ms-clientes)
2025-08-02 11:58:06 [main] DEBUG com.devsu.cliente.ClientApplication - Running with Spring Boot v3.5.4, Spring v6.2.9
2025-08-02 11:58:06 [main] INFO  com.devsu.cliente.ClientApplication - No active profile set, falling back to 1 default profile: "default"
2025-08-02 11:58:06 [main] INFO  o.s.d.r.c.RepositoryConfigurationDelegate - Bootstrapping Spring Data JPA repositories in DEFAULT mode.
2025-08-02 11:58:06 [main] INFO  o.s.d.r.c.RepositoryConfigurationDelegate - Finished Spring Data repository scanning in 25 ms. Found 1 JPA repository interface.
2025-08-02 11:58:06 [main] INFO  o.s.b.w.e.tomcat.TomcatWebServer - Tomcat initialized with port 8080 (http)
2025-08-02 11:58:06 [main] INFO  o.a.catalina.core.StandardService - Starting service [Tomcat]
2025-08-02 11:58:06 [main] INFO  o.a.catalina.core.StandardEngine - Starting Servlet engine: [Apache Tomcat/10.1.43]
2025-08-02 11:58:06 [main] INFO  o.a.c.c.C.[Tomcat].[localhost].[/] - Initializing Spring embedded WebApplicationContext
2025-08-02 11:58:06 [main] INFO  o.s.b.w.s.c.ServletWebServerApplicationContext - Root WebApplicationContext: initialization completed in 551 ms
2025-08-02 11:58:06 [main] INFO  o.h.jpa.internal.util.LogHelper - HHH000204: Processing PersistenceUnitInfo [name: default]
2025-08-02 11:58:06 [main] INFO  org.hibernate.Version - HHH000412: Hibernate ORM core version 6.6.22.Final
2025-08-02 11:58:06 [main] INFO  o.h.c.i.RegionFactoryInitiator - HHH000026: Second-level cache disabled
2025-08-02 11:58:06 [main] INFO  o.s.o.j.p.SpringPersistenceUnitInfo - No LoadTimeWeaver setup: ignoring JPA class transformer
2025-08-02 11:58:06 [main] INFO  com.zaxxer.hikari.HikariDataSource - HikariPool-1 - Starting...
2025-08-02 11:58:06 [main] INFO  com.zaxxer.hikari.pool.HikariPool - HikariPool-1 - Added connection org.postgresql.jdbc.PgConnection@72a7aa4f
2025-08-02 11:58:06 [main] INFO  com.zaxxer.hikari.HikariDataSource - HikariPool-1 - Start completed.
2025-08-02 11:58:06 [main] WARN  org.hibernate.orm.deprecation - HHH90000025: PostgreSQLDialect does not need to be specified explicitly using 'hibernate.dialect' (remove the property setting and it will be selected by default)
2025-08-02 11:58:06 [main] INFO  o.hibernate.orm.connections.pooling - HHH10001005: Database info:
	Database JDBC URL [Connecting through datasource 'HikariDataSource (HikariPool-1)']
	Database driver: undefined/unknown
	Database version: 15.13
	Autocommit mode: undefined/unknown
	Isolation level: undefined/unknown
	Minimum pool size: undefined/unknown
	Maximum pool size: undefined/unknown
2025-08-02 11:58:07 [main] INFO  o.h.e.t.j.p.i.JtaPlatformInitiator - HHH000489: No JTA platform available (set 'hibernate.transaction.jta.platform' to enable JTA platform integration)
2025-08-02 11:58:07 [main] INFO  o.s.o.j.LocalContainerEntityManagerFactoryBean - Initialized JPA EntityManagerFactory for persistence unit 'default'
2025-08-02 11:58:07 [main] WARN  o.s.b.a.o.j.JpaBaseConfiguration$JpaWebConfiguration - spring.jpa.open-in-view is enabled by default. Therefore, database queries may be performed during view rendering. Explicitly configure spring.jpa.open-in-view to disable this warning
2025-08-02 11:58:07 [main] INFO  o.s.b.w.e.tomcat.TomcatWebServer - Tomcat started on port 8080 (http) with context path '/'
2025-08-02 11:58:07 [main] INFO  com.devsu.cliente.ClientApplication - Started ClientApplication in 1.861 seconds (process running for 2.024)
2025-08-02 11:58:14 [http-nio-8080-exec-1] INFO  o.a.c.c.C.[Tomcat].[localhost].[/] - Initializing Spring DispatcherServlet 'dispatcherServlet'
2025-08-02 11:58:14 [http-nio-8080-exec-1] INFO  o.s.web.servlet.DispatcherServlet - Initializing Servlet 'dispatcherServlet'
2025-08-02 11:58:14 [http-nio-8080-exec-1] INFO  o.s.web.servlet.DispatcherServlet - Completed initialization in 1 ms
2025-08-02 11:58:14 [http-nio-8080-exec-1] INFO  c.d.c.controller.ClienteController - Recibida solicitud para obtener cliente con ID: -2
2025-08-02 11:58:14 [http-nio-8080-exec-1] DEBUG c.d.cliente.service.ClienteService - Buscando cliente con ID: -2
2025-08-02 11:58:14 [http-nio-8080-exec-1] WARN  c.d.cliente.service.ClienteService - ID de cliente inválido: -2
2025-08-02 11:58:14 [http-nio-8080-exec-1] WARN  c.d.c.e.GlobalExceptionHandler - Error de validación de cliente: El ID del cliente debe ser un número positivo
2025-08-02 12:15:37 [SpringApplicationShutdownHook] INFO  o.s.b.w.e.tomcat.GracefulShutdown - Commencing graceful shutdown. Waiting for active requests to complete
2025-08-02 12:15:37 [tomcat-shutdown] INFO  o.s.b.w.e.tomcat.GracefulShutdown - Graceful shutdown complete
2025-08-02 12:15:37 [SpringApplicationShutdownHook] INFO  o.s.o.j.LocalContainerEntityManagerFactoryBean - Closing JPA EntityManagerFactory for persistence unit 'default'
2025-08-02 12:15:37 [SpringApplicationShutdownHook] INFO  com.zaxxer.hikari.HikariDataSource - HikariPool-1 - Shutdown initiated...
2025-08-02 12:15:37 [SpringApplicationShutdownHook] INFO  com.zaxxer.hikari.HikariDataSource - HikariPool-1 - Shutdown completed.
2025-08-02 12:15:40 [main] INFO  com.devsu.cliente.ClientApplication - Starting ClientApplication using Java 21.0.8 with PID 20270 (/home/ophy/Documents/devsu/devsu-backend-bp/ms-clientes/build/classes/java/main started by ophy in /home/ophy/Documents/devsu/devsu-backend-bp/ms-clientes)
2025-08-02 12:15:40 [main] DEBUG com.devsu.cliente.ClientApplication - Running with Spring Boot v3.5.4, Spring v6.2.9
2025-08-02 12:15:40 [main] INFO  com.devsu.cliente.ClientApplication - No active profile set, falling back to 1 default profile: "default"
2025-08-02 12:15:40 [main] INFO  o.s.d.r.c.RepositoryConfigurationDelegate - Bootstrapping Spring Data JPA repositories in DEFAULT mode.
2025-08-02 12:15:40 [main] INFO  o.s.d.r.c.RepositoryConfigurationDelegate - Finished Spring Data repository scanning in 26 ms. Found 1 JPA repository interface.
2025-08-02 12:15:40 [main] INFO  o.s.b.w.e.tomcat.TomcatWebServer - Tomcat initialized with port 8080 (http)
2025-08-02 12:15:40 [main] INFO  o.a.catalina.core.StandardService - Starting service [Tomcat]
2025-08-02 12:15:40 [main] INFO  o.a.catalina.core.StandardEngine - Starting Servlet engine: [Apache Tomcat/10.1.43]
2025-08-02 12:15:40 [main] INFO  o.a.c.c.C.[Tomcat].[localhost].[/] - Initializing Spring embedded WebApplicationContext
2025-08-02 12:15:40 [main] INFO  o.s.b.w.s.c.ServletWebServerApplicationContext - Root WebApplicationContext: initialization completed in 586 ms
2025-08-02 12:15:40 [main] INFO  o.h.jpa.internal.util.LogHelper - HHH000204: Processing PersistenceUnitInfo [name: default]
2025-08-02 12:15:40 [main] INFO  org.hibernate.Version - HHH000412: Hibernate ORM core version 6.6.22.Final
2025-08-02 12:15:40 [main] INFO  o.h.c.i.RegionFactoryInitiator - HHH000026: Second-level cache disabled
2025-08-02 12:15:41 [main] INFO  o.s.o.j.p.SpringPersistenceUnitInfo - No LoadTimeWeaver setup: ignoring JPA class transformer
2025-08-02 12:15:41 [main] INFO  com.zaxxer.hikari.HikariDataSource - HikariPool-1 - Starting...
2025-08-02 12:15:41 [main] INFO  com.zaxxer.hikari.pool.HikariPool - HikariPool-1 - Added connection org.postgresql.jdbc.PgConnection@6b3d9c38
2025-08-02 12:15:41 [main] INFO  com.zaxxer.hikari.HikariDataSource - HikariPool-1 - Start completed.
2025-08-02 12:15:41 [main] WARN  org.hibernate.orm.deprecation - HHH90000025: PostgreSQLDialect does not need to be specified explicitly using 'hibernate.dialect' (remove the property setting and it will be selected by default)
2025-08-02 12:15:41 [main] INFO  o.hibernate.orm.connections.pooling - HHH10001005: Database info:
	Database JDBC URL [Connecting through datasource 'HikariDataSource (HikariPool-1)']
	Database driver: undefined/unknown
	Database version: 15.13
	Autocommit mode: undefined/unknown
	Isolation level: undefined/unknown
	Minimum pool size: undefined/unknown
	Maximum pool size: undefined/unknown
2025-08-02 12:15:41 [main] INFO  o.h.e.t.j.p.i.JtaPlatformInitiator - HHH000489: No JTA platform available (set 'hibernate.transaction.jta.platform' to enable JTA platform integration)
2025-08-02 12:15:41 [main] INFO  o.s.o.j.LocalContainerEntityManagerFactoryBean - Initialized JPA EntityManagerFactory for persistence unit 'default'
2025-08-02 12:15:41 [main] WARN  o.s.b.a.o.j.JpaBaseConfiguration$JpaWebConfiguration - spring.jpa.open-in-view is enabled by default. Therefore, database queries may be performed during view rendering. Explicitly configure spring.jpa.open-in-view to disable this warning
2025-08-02 12:15:41 [main] INFO  o.s.b.w.e.tomcat.TomcatWebServer - Tomcat started on port 8080 (http) with context path '/'
2025-08-02 12:15:41 [main] INFO  com.devsu.cliente.ClientApplication - Started ClientApplication in 1.931 seconds (process running for 2.099)
2025-08-02 12:15:51 [http-nio-8080-exec-2] INFO  o.a.c.c.C.[Tomcat].[localhost].[/] - Initializing Spring DispatcherServlet 'dispatcherServlet'
2025-08-02 12:15:51 [http-nio-8080-exec-2] INFO  o.s.web.servlet.DispatcherServlet - Initializing Servlet 'dispatcherServlet'
2025-08-02 12:15:51 [http-nio-8080-exec-2] INFO  o.s.web.servlet.DispatcherServlet - Completed initialization in 1 ms
2025-08-02 12:15:51 [http-nio-8080-exec-2] INFO  c.d.c.controller.ClienteController - Recibida solicitud para obtener cliente con ID: -2
2025-08-02 12:15:51 [http-nio-8080-exec-2] DEBUG c.d.cliente.service.ClienteService - Buscando cliente con ID: -2
2025-08-02 12:15:51 [http-nio-8080-exec-2] WARN  c.d.cliente.service.ClienteService - ID de cliente inválido: -2
2025-08-02 12:15:51 [http-nio-8080-exec-2] WARN  c.d.c.e.GlobalExceptionHandler - Error de validación de cliente: El ID del cliente debe ser un número positivo
2025-08-02 12:16:08 [http-nio-8080-exec-4] INFO  c.d.c.controller.ClienteController - Recibida solicitud para obtener cliente con ID: 203
2025-08-02 12:16:08 [http-nio-8080-exec-4] DEBUG c.d.cliente.service.ClienteService - Buscando cliente con ID: 203
2025-08-02 12:16:08 [http-nio-8080-exec-4] DEBUG org.hibernate.SQL - select c1_0.cliente_id,c1_0.contrasena,c1_0.direccion,c1_0.edad,c1_0.estado,c1_0.genero,c1_0.identificacion,c1_0.nombre,c1_0.telefono from cliente c1_0 where c1_0.cliente_id=?
2025-08-02 12:16:08 [http-nio-8080-exec-4] INFO  c.d.cliente.service.ClienteService - Cliente no encontrado con ID: 203
2025-08-02 12:16:08 [http-nio-8080-exec-4] WARN  c.d.c.controller.ClienteController - Cliente no encontrado con ID: 203
2025-08-02 12:17:31 [http-nio-8080-exec-7] WARN  c.d.c.e.GlobalExceptionHandler - Error de tipo de argumento: Method parameter 'clienteId': Failed to convert value of type 'java.lang.String' to required type 'java.lang.Long'; For input string: "null"
2025-08-02 12:18:55 [SpringApplicationShutdownHook] INFO  o.s.b.w.e.tomcat.GracefulShutdown - Commencing graceful shutdown. Waiting for active requests to complete
2025-08-02 12:18:55 [tomcat-shutdown] INFO  o.s.b.w.e.tomcat.GracefulShutdown - Graceful shutdown complete
2025-08-02 12:18:55 [SpringApplicationShutdownHook] INFO  o.s.o.j.LocalContainerEntityManagerFactoryBean - Closing JPA EntityManagerFactory for persistence unit 'default'
2025-08-02 12:18:55 [SpringApplicationShutdownHook] INFO  com.zaxxer.hikari.HikariDataSource - HikariPool-1 - Shutdown initiated...
2025-08-02 12:18:55 [SpringApplicationShutdownHook] INFO  com.zaxxer.hikari.HikariDataSource - HikariPool-1 - Shutdown completed.
2025-08-02 12:18:58 [main] INFO  com.devsu.cliente.ClientApplication - Starting ClientApplication using Java 21.0.8 with PID 20866 (/home/ophy/Documents/devsu/devsu-backend-bp/ms-clientes/build/classes/java/main started by ophy in /home/ophy/Documents/devsu/devsu-backend-bp/ms-clientes)
2025-08-02 12:18:58 [main] DEBUG com.devsu.cliente.ClientApplication - Running with Spring Boot v3.5.4, Spring v6.2.9
2025-08-02 12:18:58 [main] INFO  com.devsu.cliente.ClientApplication - No active profile set, falling back to 1 default profile: "default"
2025-08-02 12:18:58 [main] INFO  o.s.d.r.c.RepositoryConfigurationDelegate - Bootstrapping Spring Data JPA repositories in DEFAULT mode.
2025-08-02 12:18:58 [main] INFO  o.s.d.r.c.RepositoryConfigurationDelegate - Finished Spring Data repository scanning in 26 ms. Found 1 JPA repository interface.
2025-08-02 12:18:58 [main] INFO  o.s.b.w.e.tomcat.TomcatWebServer - Tomcat initialized with port 8080 (http)
2025-08-02 12:18:58 [main] INFO  o.a.catalina.core.StandardService - Starting service [Tomcat]
2025-08-02 12:18:58 [main] INFO  o.a.catalina.core.StandardEngine - Starting Servlet engine: [Apache Tomcat/10.1.43]
2025-08-02 12:18:58 [main] INFO  o.a.c.c.C.[Tomcat].[localhost].[/] - Initializing Spring embedded WebApplicationContext
2025-08-02 12:18:58 [main] INFO  o.s.b.w.s.c.ServletWebServerApplicationContext - Root WebApplicationContext: initialization completed in 591 ms
2025-08-02 12:18:59 [main] INFO  o.h.jpa.internal.util.LogHelper - HHH000204: Processing PersistenceUnitInfo [name: default]
2025-08-02 12:18:59 [main] INFO  org.hibernate.Version - HHH000412: Hibernate ORM core version 6.6.22.Final
2025-08-02 12:18:59 [main] INFO  o.h.c.i.RegionFactoryInitiator - HHH000026: Second-level cache disabled
2025-08-02 12:18:59 [main] INFO  o.s.o.j.p.SpringPersistenceUnitInfo - No LoadTimeWeaver setup: ignoring JPA class transformer
2025-08-02 12:18:59 [main] INFO  com.zaxxer.hikari.HikariDataSource - HikariPool-1 - Starting...
2025-08-02 12:18:59 [main] INFO  com.zaxxer.hikari.pool.HikariPool - HikariPool-1 - Added connection org.postgresql.jdbc.PgConnection@7e747037
2025-08-02 12:18:59 [main] INFO  com.zaxxer.hikari.HikariDataSource - HikariPool-1 - Start completed.
2025-08-02 12:18:59 [main] WARN  org.hibernate.orm.deprecation - HHH90000025: PostgreSQLDialect does not need to be specified explicitly using 'hibernate.dialect' (remove the property setting and it will be selected by default)
2025-08-02 12:18:59 [main] INFO  o.hibernate.orm.connections.pooling - HHH10001005: Database info:
	Database JDBC URL [Connecting through datasource 'HikariDataSource (HikariPool-1)']
	Database driver: undefined/unknown
	Database version: 15.13
	Autocommit mode: undefined/unknown
	Isolation level: undefined/unknown
	Minimum pool size: undefined/unknown
	Maximum pool size: undefined/unknown
2025-08-02 12:18:59 [main] INFO  o.h.e.t.j.p.i.JtaPlatformInitiator - HHH000489: No JTA platform available (set 'hibernate.transaction.jta.platform' to enable JTA platform integration)
2025-08-02 12:18:59 [main] INFO  o.s.o.j.LocalContainerEntityManagerFactoryBean - Initialized JPA EntityManagerFactory for persistence unit 'default'
2025-08-02 12:18:59 [main] WARN  o.s.b.a.o.j.JpaBaseConfiguration$JpaWebConfiguration - spring.jpa.open-in-view is enabled by default. Therefore, database queries may be performed during view rendering. Explicitly configure spring.jpa.open-in-view to disable this warning
2025-08-02 12:19:00 [main] INFO  o.s.b.w.e.tomcat.TomcatWebServer - Tomcat started on port 8080 (http) with context path '/'
2025-08-02 12:19:00 [main] INFO  com.devsu.cliente.ClientApplication - Started ClientApplication in 1.925 seconds (process running for 2.129)
2025-08-02 12:19:04 [http-nio-8080-exec-2] INFO  o.a.c.c.C.[Tomcat].[localhost].[/] - Initializing Spring DispatcherServlet 'dispatcherServlet'
2025-08-02 12:19:04 [http-nio-8080-exec-2] INFO  o.s.web.servlet.DispatcherServlet - Initializing Servlet 'dispatcherServlet'
2025-08-02 12:19:04 [http-nio-8080-exec-2] INFO  o.s.web.servlet.DispatcherServlet - Completed initialization in 1 ms
2025-08-02 12:19:05 [http-nio-8080-exec-2] INFO  c.d.c.controller.ClienteController - Recibida solicitud para obtener cliente con ID: 203
2025-08-02 12:19:05 [http-nio-8080-exec-2] DEBUG c.d.cliente.service.ClienteService - Buscando cliente con ID: 203
2025-08-02 12:19:05 [http-nio-8080-exec-2] DEBUG org.hibernate.SQL - select c1_0.cliente_id,c1_0.contrasena,c1_0.direccion,c1_0.edad,c1_0.estado,c1_0.genero,c1_0.identificacion,c1_0.nombre,c1_0.telefono from cliente c1_0 where c1_0.cliente_id=?
2025-08-02 12:19:05 [http-nio-8080-exec-2] INFO  c.d.cliente.service.ClienteService - Cliente no encontrado con ID: 203
2025-08-02 12:19:05 [http-nio-8080-exec-2] WARN  c.d.c.e.GlobalExceptionHandler - Cliente no encontrado: El ID no se encontro
2025-08-02 12:21:37 [SpringApplicationShutdownHook] INFO  o.s.b.w.e.tomcat.GracefulShutdown - Commencing graceful shutdown. Waiting for active requests to complete
2025-08-02 12:21:37 [tomcat-shutdown] INFO  o.s.b.w.e.tomcat.GracefulShutdown - Graceful shutdown complete
2025-08-02 12:21:37 [SpringApplicationShutdownHook] INFO  o.s.o.j.LocalContainerEntityManagerFactoryBean - Closing JPA EntityManagerFactory for persistence unit 'default'
2025-08-02 12:21:37 [SpringApplicationShutdownHook] INFO  com.zaxxer.hikari.HikariDataSource - HikariPool-1 - Shutdown initiated...
2025-08-02 12:21:37 [SpringApplicationShutdownHook] INFO  com.zaxxer.hikari.HikariDataSource - HikariPool-1 - Shutdown completed.
2025-08-02 12:21:40 [main] INFO  com.devsu.cliente.ClientApplication - Starting ClientApplication using Java 21.0.8 with PID 21408 (/home/ophy/Documents/devsu/devsu-backend-bp/ms-clientes/build/classes/java/main started by ophy in /home/ophy/Documents/devsu/devsu-backend-bp/ms-clientes)
2025-08-02 12:21:40 [main] DEBUG com.devsu.cliente.ClientApplication - Running with Spring Boot v3.5.4, Spring v6.2.9
2025-08-02 12:21:40 [main] INFO  com.devsu.cliente.ClientApplication - No active profile set, falling back to 1 default profile: "default"
2025-08-02 12:21:40 [main] INFO  o.s.d.r.c.RepositoryConfigurationDelegate - Bootstrapping Spring Data JPA repositories in DEFAULT mode.
2025-08-02 12:21:40 [main] INFO  o.s.d.r.c.RepositoryConfigurationDelegate - Finished Spring Data repository scanning in 26 ms. Found 1 JPA repository interface.
2025-08-02 12:21:40 [main] INFO  o.s.b.w.e.tomcat.TomcatWebServer - Tomcat initialized with port 8080 (http)
2025-08-02 12:21:40 [main] INFO  o.a.catalina.core.StandardService - Starting service [Tomcat]
2025-08-02 12:21:40 [main] INFO  o.a.catalina.core.StandardEngine - Starting Servlet engine: [Apache Tomcat/10.1.43]
2025-08-02 12:21:40 [main] INFO  o.a.c.c.C.[Tomcat].[localhost].[/] - Initializing Spring embedded WebApplicationContext
2025-08-02 12:21:40 [main] INFO  o.s.b.w.s.c.ServletWebServerApplicationContext - Root WebApplicationContext: initialization completed in 579 ms
2025-08-02 12:21:40 [main] INFO  o.h.jpa.internal.util.LogHelper - HHH000204: Processing PersistenceUnitInfo [name: default]
2025-08-02 12:21:40 [main] INFO  org.hibernate.Version - HHH000412: Hibernate ORM core version 6.6.22.Final
2025-08-02 12:21:40 [main] INFO  o.h.c.i.RegionFactoryInitiator - HHH000026: Second-level cache disabled
2025-08-02 12:21:40 [main] INFO  o.s.o.j.p.SpringPersistenceUnitInfo - No LoadTimeWeaver setup: ignoring JPA class transformer
2025-08-02 12:21:40 [main] INFO  com.zaxxer.hikari.HikariDataSource - HikariPool-1 - Starting...
2025-08-02 12:21:41 [main] INFO  com.zaxxer.hikari.pool.HikariPool - HikariPool-1 - Added connection org.postgresql.jdbc.PgConnection@7cb29ea8
2025-08-02 12:21:41 [main] INFO  com.zaxxer.hikari.HikariDataSource - HikariPool-1 - Start completed.
2025-08-02 12:21:41 [main] WARN  org.hibernate.orm.deprecation - HHH90000025: PostgreSQLDialect does not need to be specified explicitly using 'hibernate.dialect' (remove the property setting and it will be selected by default)
2025-08-02 12:21:41 [main] INFO  o.hibernate.orm.connections.pooling - HHH10001005: Database info:
	Database JDBC URL [Connecting through datasource 'HikariDataSource (HikariPool-1)']
	Database driver: undefined/unknown
	Database version: 15.13
	Autocommit mode: undefined/unknown
	Isolation level: undefined/unknown
	Minimum pool size: undefined/unknown
	Maximum pool size: undefined/unknown
2025-08-02 12:21:41 [main] INFO  o.h.e.t.j.p.i.JtaPlatformInitiator - HHH000489: No JTA platform available (set 'hibernate.transaction.jta.platform' to enable JTA platform integration)
2025-08-02 12:21:41 [main] INFO  o.s.o.j.LocalContainerEntityManagerFactoryBean - Initialized JPA EntityManagerFactory for persistence unit 'default'
2025-08-02 12:21:41 [main] WARN  o.s.b.a.o.j.JpaBaseConfiguration$JpaWebConfiguration - spring.jpa.open-in-view is enabled by default. Therefore, database queries may be performed during view rendering. Explicitly configure spring.jpa.open-in-view to disable this warning
2025-08-02 12:21:41 [main] INFO  o.s.b.w.e.tomcat.TomcatWebServer - Tomcat started on port 8080 (http) with context path '/'
2025-08-02 12:21:41 [main] INFO  com.devsu.cliente.ClientApplication - Started ClientApplication in 1.926 seconds (process running for 2.089)
2025-08-02 12:22:42 [http-nio-8080-exec-2] INFO  o.a.c.c.C.[Tomcat].[localhost].[/] - Initializing Spring DispatcherServlet 'dispatcherServlet'
2025-08-02 12:22:42 [http-nio-8080-exec-2] INFO  o.s.web.servlet.DispatcherServlet - Initializing Servlet 'dispatcherServlet'
2025-08-02 12:22:42 [http-nio-8080-exec-2] INFO  o.s.web.servlet.DispatcherServlet - Completed initialization in 1 ms
2025-08-02 12:22:42 [http-nio-8080-exec-2] INFO  c.d.c.controller.ClienteController - Recibida solicitud para eliminar cliente con ID: -204
2025-08-02 12:22:42 [http-nio-8080-exec-2] INFO  c.d.cliente.service.ClienteService - Iniciando eliminación de cliente con ID: -204
2025-08-02 12:22:42 [http-nio-8080-exec-2] WARN  c.d.cliente.service.ClienteService - ID de cliente inválido para eliminación: -204
2025-08-02 12:22:42 [http-nio-8080-exec-2] WARN  c.d.c.e.GlobalExceptionHandler - Error de validación de cliente: El ID del cliente debe ser un número positivo
2025-08-02 12:22:49 [http-nio-8080-exec-4] INFO  c.d.c.controller.ClienteController - Recibida solicitud para eliminar cliente con ID: 204
2025-08-02 12:22:49 [http-nio-8080-exec-4] INFO  c.d.cliente.service.ClienteService - Iniciando eliminación de cliente con ID: 204
2025-08-02 12:22:50 [http-nio-8080-exec-4] DEBUG org.hibernate.SQL - select count(*) from cliente c1_0 where c1_0.cliente_id=?
2025-08-02 12:22:50 [http-nio-8080-exec-4] WARN  c.d.cliente.service.ClienteService - Intento de eliminar cliente inexistente con ID: 204
2025-08-02 12:22:50 [http-nio-8080-exec-4] WARN  c.d.c.e.GlobalExceptionHandler - Cliente no encontrado: Cliente con ID 204 no encontrado
2025-08-02 12:23:12 [http-nio-8080-exec-5] INFO  c.d.c.controller.ClienteController - Recibida solicitud para eliminar cliente con ID: 253
2025-08-02 12:23:12 [http-nio-8080-exec-5] INFO  c.d.cliente.service.ClienteService - Iniciando eliminación de cliente con ID: 253
2025-08-02 12:23:12 [http-nio-8080-exec-5] DEBUG org.hibernate.SQL - select count(*) from cliente c1_0 where c1_0.cliente_id=?
2025-08-02 12:23:12 [http-nio-8080-exec-5] DEBUG org.hibernate.SQL - select c1_0.cliente_id,c1_0.contrasena,c1_0.direccion,c1_0.edad,c1_0.estado,c1_0.genero,c1_0.identificacion,c1_0.nombre,c1_0.telefono from cliente c1_0 where c1_0.cliente_id=?
2025-08-02 12:23:12 [http-nio-8080-exec-5] DEBUG org.hibernate.SQL - delete from cliente where cliente_id=?
2025-08-02 12:23:12 [http-nio-8080-exec-5] INFO  c.d.cliente.service.ClienteService - Cliente eliminado exitosamente con ID: 253
2025-08-02 12:23:12 [http-nio-8080-exec-5] INFO  c.d.c.controller.ClienteController - Cliente eliminado exitosamente con ID: 253
2025-08-02 12:32:18 [SpringApplicationShutdownHook] INFO  o.s.b.w.e.tomcat.GracefulShutdown - Commencing graceful shutdown. Waiting for active requests to complete
2025-08-02 12:32:18 [tomcat-shutdown] INFO  o.s.b.w.e.tomcat.GracefulShutdown - Graceful shutdown complete
2025-08-02 12:32:18 [SpringApplicationShutdownHook] INFO  o.s.o.j.LocalContainerEntityManagerFactoryBean - Closing JPA EntityManagerFactory for persistence unit 'default'
2025-08-02 12:32:18 [SpringApplicationShutdownHook] INFO  com.zaxxer.hikari.HikariDataSource - HikariPool-1 - Shutdown initiated...
2025-08-02 12:32:18 [SpringApplicationShutdownHook] INFO  com.zaxxer.hikari.HikariDataSource - HikariPool-1 - Shutdown completed.
2025-08-02 12:32:24 [main] INFO  com.devsu.cliente.ClientApplication - Starting ClientApplication using Java 21.0.8 with PID 22627 (/home/ophy/Documents/devsu/devsu-backend-bp/ms-clientes/build/classes/java/main started by ophy in /home/ophy/Documents/devsu/devsu-backend-bp/ms-clientes)
2025-08-02 12:32:24 [main] DEBUG com.devsu.cliente.ClientApplication - Running with Spring Boot v3.5.4, Spring v6.2.9
2025-08-02 12:32:24 [main] INFO  com.devsu.cliente.ClientApplication - No active profile set, falling back to 1 default profile: "default"
2025-08-02 12:32:24 [main] INFO  o.s.d.r.c.RepositoryConfigurationDelegate - Bootstrapping Spring Data JPA repositories in DEFAULT mode.
2025-08-02 12:32:24 [main] INFO  o.s.d.r.c.RepositoryConfigurationDelegate - Finished Spring Data repository scanning in 26 ms. Found 1 JPA repository interface.
2025-08-02 12:32:24 [main] INFO  o.s.b.w.e.tomcat.TomcatWebServer - Tomcat initialized with port 8080 (http)
2025-08-02 12:32:24 [main] INFO  o.a.catalina.core.StandardService - Starting service [Tomcat]
2025-08-02 12:32:24 [main] INFO  o.a.catalina.core.StandardEngine - Starting Servlet engine: [Apache Tomcat/10.1.43]
2025-08-02 12:32:24 [main] INFO  o.a.c.c.C.[Tomcat].[localhost].[/] - Initializing Spring embedded WebApplicationContext
2025-08-02 12:32:24 [main] INFO  o.s.b.w.s.c.ServletWebServerApplicationContext - Root WebApplicationContext: initialization completed in 601 ms
2025-08-02 12:32:24 [main] INFO  o.h.jpa.internal.util.LogHelper - HHH000204: Processing PersistenceUnitInfo [name: default]
2025-08-02 12:32:24 [main] INFO  org.hibernate.Version - HHH000412: Hibernate ORM core version 6.6.22.Final
2025-08-02 12:32:24 [main] INFO  o.h.c.i.RegionFactoryInitiator - HHH000026: Second-level cache disabled
2025-08-02 12:32:24 [main] INFO  o.s.o.j.p.SpringPersistenceUnitInfo - No LoadTimeWeaver setup: ignoring JPA class transformer
2025-08-02 12:32:24 [main] INFO  com.zaxxer.hikari.HikariDataSource - HikariPool-1 - Starting...
2025-08-02 12:32:25 [main] INFO  com.zaxxer.hikari.pool.HikariPool - HikariPool-1 - Added connection org.postgresql.jdbc.PgConnection@5ce3409b
2025-08-02 12:32:25 [main] INFO  com.zaxxer.hikari.HikariDataSource - HikariPool-1 - Start completed.
2025-08-02 12:32:25 [main] WARN  org.hibernate.orm.deprecation - HHH90000025: PostgreSQLDialect does not need to be specified explicitly using 'hibernate.dialect' (remove the property setting and it will be selected by default)
2025-08-02 12:32:25 [main] INFO  o.hibernate.orm.connections.pooling - HHH10001005: Database info:
	Database JDBC URL [Connecting through datasource 'HikariDataSource (HikariPool-1)']
	Database driver: undefined/unknown
	Database version: 15.13
	Autocommit mode: undefined/unknown
	Isolation level: undefined/unknown
	Minimum pool size: undefined/unknown
	Maximum pool size: undefined/unknown
2025-08-02 12:32:25 [main] INFO  o.h.e.t.j.p.i.JtaPlatformInitiator - HHH000489: No JTA platform available (set 'hibernate.transaction.jta.platform' to enable JTA platform integration)
2025-08-02 12:32:25 [main] INFO  o.s.o.j.LocalContainerEntityManagerFactoryBean - Initialized JPA EntityManagerFactory for persistence unit 'default'
2025-08-02 12:32:25 [main] WARN  o.s.b.a.o.j.JpaBaseConfiguration$JpaWebConfiguration - spring.jpa.open-in-view is enabled by default. Therefore, database queries may be performed during view rendering. Explicitly configure spring.jpa.open-in-view to disable this warning
2025-08-02 12:32:25 [main] INFO  o.s.b.w.e.tomcat.TomcatWebServer - Tomcat started on port 8080 (http) with context path '/'
2025-08-02 12:32:25 [main] INFO  com.devsu.cliente.ClientApplication - Started ClientApplication in 1.984 seconds (process running for 2.187)
2025-08-02 12:32:34 [http-nio-8080-exec-1] INFO  o.a.c.c.C.[Tomcat].[localhost].[/] - Initializing Spring DispatcherServlet 'dispatcherServlet'
2025-08-02 12:32:34 [http-nio-8080-exec-1] INFO  o.s.web.servlet.DispatcherServlet - Initializing Servlet 'dispatcherServlet'
2025-08-02 12:32:34 [http-nio-8080-exec-1] INFO  o.s.web.servlet.DispatcherServlet - Completed initialization in 1 ms
2025-08-02 12:32:34 [http-nio-8080-exec-1] INFO  c.d.c.controller.ClienteController - Recibida solicitud para crear nuevo cliente
2025-08-02 12:32:34 [http-nio-8080-exec-1] DEBUG c.d.c.controller.ClienteController - Datos del cliente a crear: com.devsu.cliente.model.Cliente@12ecf976
2025-08-02 12:32:34 [http-nio-8080-exec-1] DEBUG c.d.cliente.service.ClienteService - Validando datos de cliente
2025-08-02 12:32:34 [http-nio-8080-exec-1] DEBUG c.d.cliente.service.ClienteService - Validación de cliente completada exitosamente
2025-08-02 12:32:34 [http-nio-8080-exec-1] DEBUG org.hibernate.SQL - select nextval('cliente_seq')
2025-08-02 12:32:34 [http-nio-8080-exec-1] DEBUG org.hibernate.SQL - insert into cliente (contrasena,direccion,edad,estado,genero,identificacion,nombre,telefono,cliente_id) values (?,?,?,?,?,?,?,?,?)
2025-08-02 12:32:34 [http-nio-8080-exec-1] INFO  c.d.cliente.service.ClienteService - Cliente guardado exitosamente con ID: 302
2025-08-02 12:32:34 [http-nio-8080-exec-1] INFO  c.d.c.controller.ClienteController - Cliente creado exitosamente con ID: 302
2025-08-02 12:32:51 [http-nio-8080-exec-3] INFO  c.d.c.controller.ClienteController - Recibida solicitud para eliminar cliente con ID: 302
2025-08-02 12:32:51 [http-nio-8080-exec-3] INFO  c.d.cliente.service.ClienteService - Iniciando eliminación de cliente con ID: 302
2025-08-02 12:32:51 [http-nio-8080-exec-3] DEBUG org.hibernate.SQL - select count(*) from cliente c1_0 where c1_0.cliente_id=?
2025-08-02 12:32:51 [http-nio-8080-exec-3] DEBUG org.hibernate.SQL - select c1_0.cliente_id,c1_0.contrasena,c1_0.direccion,c1_0.edad,c1_0.estado,c1_0.genero,c1_0.identificacion,c1_0.nombre,c1_0.telefono from cliente c1_0 where c1_0.cliente_id=?
2025-08-02 12:32:51 [http-nio-8080-exec-3] DEBUG org.hibernate.SQL - delete from cliente where cliente_id=?
2025-08-02 12:32:51 [http-nio-8080-exec-3] INFO  c.d.cliente.service.ClienteService - Cliente eliminado exitosamente con ID: 302
2025-08-02 12:32:51 [http-nio-8080-exec-3] INFO  c.d.c.controller.ClienteController - Cliente eliminado exitosamente con ID: 302
2025-08-02 12:34:57 [SpringApplicationShutdownHook] INFO  o.s.b.w.e.tomcat.GracefulShutdown - Commencing graceful shutdown. Waiting for active requests to complete
2025-08-02 12:34:57 [tomcat-shutdown] INFO  o.s.b.w.e.tomcat.GracefulShutdown - Graceful shutdown complete
2025-08-02 12:34:57 [SpringApplicationShutdownHook] INFO  o.s.o.j.LocalContainerEntityManagerFactoryBean - Closing JPA EntityManagerFactory for persistence unit 'default'
2025-08-02 12:34:57 [SpringApplicationShutdownHook] INFO  com.zaxxer.hikari.HikariDataSource - HikariPool-1 - Shutdown initiated...
2025-08-02 12:34:57 [SpringApplicationShutdownHook] INFO  com.zaxxer.hikari.HikariDataSource - HikariPool-1 - Shutdown completed.
2025-08-02 12:35:00 [main] INFO  com.devsu.cliente.ClientApplication - Starting ClientApplication using Java 21.0.8 with PID 23370 (/home/ophy/Documents/devsu/devsu-backend-bp/ms-clientes/build/classes/java/main started by ophy in /home/ophy/Documents/devsu/devsu-backend-bp/ms-clientes)
2025-08-02 12:35:00 [main] DEBUG com.devsu.cliente.ClientApplication - Running with Spring Boot v3.5.4, Spring v6.2.9
2025-08-02 12:35:00 [main] INFO  com.devsu.cliente.ClientApplication - No active profile set, falling back to 1 default profile: "default"
2025-08-02 12:35:00 [main] INFO  o.s.d.r.c.RepositoryConfigurationDelegate - Bootstrapping Spring Data JPA repositories in DEFAULT mode.
2025-08-02 12:35:00 [main] INFO  o.s.d.r.c.RepositoryConfigurationDelegate - Finished Spring Data repository scanning in 27 ms. Found 1 JPA repository interface.
2025-08-02 12:35:01 [main] INFO  o.s.b.w.e.tomcat.TomcatWebServer - Tomcat initialized with port 8080 (http)
2025-08-02 12:35:01 [main] INFO  o.a.catalina.core.StandardService - Starting service [Tomcat]
2025-08-02 12:35:01 [main] INFO  o.a.catalina.core.StandardEngine - Starting Servlet engine: [Apache Tomcat/10.1.43]
2025-08-02 12:35:01 [main] INFO  o.a.c.c.C.[Tomcat].[localhost].[/] - Initializing Spring embedded WebApplicationContext
2025-08-02 12:35:01 [main] INFO  o.s.b.w.s.c.ServletWebServerApplicationContext - Root WebApplicationContext: initialization completed in 584 ms
2025-08-02 12:35:01 [main] INFO  o.h.jpa.internal.util.LogHelper - HHH000204: Processing PersistenceUnitInfo [name: default]
2025-08-02 12:35:01 [main] INFO  org.hibernate.Version - HHH000412: Hibernate ORM core version 6.6.22.Final
2025-08-02 12:35:01 [main] INFO  o.h.c.i.RegionFactoryInitiator - HHH000026: Second-level cache disabled
2025-08-02 12:35:01 [main] INFO  o.s.o.j.p.SpringPersistenceUnitInfo - No LoadTimeWeaver setup: ignoring JPA class transformer
2025-08-02 12:35:01 [main] INFO  com.zaxxer.hikari.HikariDataSource - HikariPool-1 - Starting...
2025-08-02 12:35:01 [main] INFO  com.zaxxer.hikari.pool.HikariPool - HikariPool-1 - Added connection org.postgresql.jdbc.PgConnection@6b3d9c38
2025-08-02 12:35:01 [main] INFO  com.zaxxer.hikari.HikariDataSource - HikariPool-1 - Start completed.
2025-08-02 12:35:01 [main] WARN  org.hibernate.orm.deprecation - HHH90000025: PostgreSQLDialect does not need to be specified explicitly using 'hibernate.dialect' (remove the property setting and it will be selected by default)
2025-08-02 12:35:01 [main] INFO  o.hibernate.orm.connections.pooling - HHH10001005: Database info:
	Database JDBC URL [Connecting through datasource 'HikariDataSource (HikariPool-1)']
	Database driver: undefined/unknown
	Database version: 15.13
	Autocommit mode: undefined/unknown
	Isolation level: undefined/unknown
	Minimum pool size: undefined/unknown
	Maximum pool size: undefined/unknown
2025-08-02 12:35:01 [main] INFO  o.h.e.t.j.p.i.JtaPlatformInitiator - HHH000489: No JTA platform available (set 'hibernate.transaction.jta.platform' to enable JTA platform integration)
2025-08-02 12:35:01 [main] INFO  o.s.o.j.LocalContainerEntityManagerFactoryBean - Initialized JPA EntityManagerFactory for persistence unit 'default'
2025-08-02 12:35:02 [main] WARN  o.s.b.a.o.j.JpaBaseConfiguration$JpaWebConfiguration - spring.jpa.open-in-view is enabled by default. Therefore, database queries may be performed during view rendering. Explicitly configure spring.jpa.open-in-view to disable this warning
2025-08-02 12:35:02 [main] INFO  o.s.b.w.e.tomcat.TomcatWebServer - Tomcat started on port 8080 (http) with context path '/'
2025-08-02 12:35:02 [main] INFO  com.devsu.cliente.ClientApplication - Started ClientApplication in 1.926 seconds (process running for 2.084)
2025-08-02 12:35:07 [http-nio-8080-exec-1] INFO  o.a.c.c.C.[Tomcat].[localhost].[/] - Initializing Spring DispatcherServlet 'dispatcherServlet'
2025-08-02 12:35:07 [http-nio-8080-exec-1] INFO  o.s.web.servlet.DispatcherServlet - Initializing Servlet 'dispatcherServlet'
2025-08-02 12:35:07 [http-nio-8080-exec-1] INFO  o.s.web.servlet.DispatcherServlet - Completed initialization in 1 ms
2025-08-02 12:35:07 [http-nio-8080-exec-1] INFO  c.d.c.controller.ClienteController - Recibida solicitud para crear nuevo cliente
2025-08-02 12:35:07 [http-nio-8080-exec-1] DEBUG c.d.c.controller.ClienteController - Datos del cliente a crear: com.devsu.cliente.model.Cliente@a810ca5
2025-08-02 12:35:07 [http-nio-8080-exec-1] DEBUG c.d.cliente.service.ClienteService - Validando datos de cliente
2025-08-02 12:35:07 [http-nio-8080-exec-1] DEBUG c.d.cliente.service.ClienteService - Validación de cliente completada exitosamente
2025-08-02 12:35:07 [http-nio-8080-exec-1] DEBUG org.hibernate.SQL - select nextval('cliente_seq')
2025-08-02 12:35:07 [http-nio-8080-exec-1] DEBUG org.hibernate.SQL - insert into cliente (contrasena,direccion,edad,estado,genero,identificacion,nombre,telefono,cliente_id) values (?,?,?,?,?,?,?,?,?)
2025-08-02 12:35:07 [http-nio-8080-exec-1] INFO  c.d.cliente.service.ClienteService - Cliente guardado exitosamente con ID: 352
2025-08-02 12:35:07 [http-nio-8080-exec-1] INFO  c.d.c.controller.ClienteController - Cliente creado exitosamente con ID: 352
2025-08-02 12:35:19 [http-nio-8080-exec-3] INFO  c.d.c.controller.ClienteController - Recibida solicitud para eliminar cliente con ID: 352
2025-08-02 12:35:19 [http-nio-8080-exec-3] INFO  c.d.cliente.service.ClienteService - Iniciando eliminación de cliente con ID: 352
2025-08-02 12:35:20 [http-nio-8080-exec-3] DEBUG org.hibernate.SQL - select count(*) from cliente c1_0 where c1_0.cliente_id=?
2025-08-02 12:35:20 [http-nio-8080-exec-3] DEBUG org.hibernate.SQL - select c1_0.cliente_id,c1_0.contrasena,c1_0.direccion,c1_0.edad,c1_0.estado,c1_0.genero,c1_0.identificacion,c1_0.nombre,c1_0.telefono from cliente c1_0 where c1_0.cliente_id=?
2025-08-02 12:35:20 [http-nio-8080-exec-3] DEBUG org.hibernate.SQL - delete from cliente where cliente_id=?
2025-08-02 12:35:20 [http-nio-8080-exec-3] INFO  c.d.cliente.service.ClienteService - Cliente eliminado exitosamente con ID: 352
2025-08-02 12:35:20 [http-nio-8080-exec-3] INFO  c.d.c.controller.ClienteController - Cliente eliminado exitosamente con ID: 352
2025-08-02 12:36:38 [SpringApplicationShutdownHook] INFO  o.s.b.w.e.tomcat.GracefulShutdown - Commencing graceful shutdown. Waiting for active requests to complete
2025-08-02 12:36:38 [tomcat-shutdown] INFO  o.s.b.w.e.tomcat.GracefulShutdown - Graceful shutdown complete
2025-08-02 12:36:38 [SpringApplicationShutdownHook] INFO  o.s.o.j.LocalContainerEntityManagerFactoryBean - Closing JPA EntityManagerFactory for persistence unit 'default'
2025-08-02 12:36:38 [SpringApplicationShutdownHook] INFO  com.zaxxer.hikari.HikariDataSource - HikariPool-1 - Shutdown initiated...
2025-08-02 12:36:38 [SpringApplicationShutdownHook] INFO  com.zaxxer.hikari.HikariDataSource - HikariPool-1 - Shutdown completed.
2025-08-02 12:36:54 [main] INFO  com.devsu.cliente.ClientApplication - Starting ClientApplication using Java 21.0.8 with PID 23866 (/home/ophy/Documents/devsu/devsu-backend-bp/ms-clientes/build/classes/java/main started by ophy in /home/ophy/Documents/devsu/devsu-backend-bp/ms-clientes)
2025-08-02 12:36:54 [main] DEBUG com.devsu.cliente.ClientApplication - Running with Spring Boot v3.5.4, Spring v6.2.9
2025-08-02 12:36:54 [main] INFO  com.devsu.cliente.ClientApplication - No active profile set, falling back to 1 default profile: "default"
2025-08-02 12:36:54 [main] INFO  o.s.d.r.c.RepositoryConfigurationDelegate - Bootstrapping Spring Data JPA repositories in DEFAULT mode.
2025-08-02 12:36:54 [main] INFO  o.s.d.r.c.RepositoryConfigurationDelegate - Finished Spring Data repository scanning in 25 ms. Found 1 JPA repository interface.
2025-08-02 12:36:55 [main] INFO  o.s.b.w.e.tomcat.TomcatWebServer - Tomcat initialized with port 8080 (http)
2025-08-02 12:36:55 [main] INFO  o.a.catalina.core.StandardService - Starting service [Tomcat]
2025-08-02 12:36:55 [main] INFO  o.a.catalina.core.StandardEngine - Starting Servlet engine: [Apache Tomcat/10.1.43]
2025-08-02 12:36:55 [main] INFO  o.a.c.c.C.[Tomcat].[localhost].[/] - Initializing Spring embedded WebApplicationContext
2025-08-02 12:36:55 [main] INFO  o.s.b.w.s.c.ServletWebServerApplicationContext - Root WebApplicationContext: initialization completed in 603 ms
2025-08-02 12:36:55 [main] INFO  o.h.jpa.internal.util.LogHelper - HHH000204: Processing PersistenceUnitInfo [name: default]
2025-08-02 12:36:55 [main] INFO  org.hibernate.Version - HHH000412: Hibernate ORM core version 6.6.22.Final
2025-08-02 12:36:55 [main] INFO  o.h.c.i.RegionFactoryInitiator - HHH000026: Second-level cache disabled
2025-08-02 12:36:55 [main] INFO  o.s.o.j.p.SpringPersistenceUnitInfo - No LoadTimeWeaver setup: ignoring JPA class transformer
2025-08-02 12:36:55 [main] INFO  com.zaxxer.hikari.HikariDataSource - HikariPool-1 - Starting...
2025-08-02 12:36:55 [main] INFO  com.zaxxer.hikari.pool.HikariPool - HikariPool-1 - Added connection org.postgresql.jdbc.PgConnection@7e747037
2025-08-02 12:36:55 [main] INFO  com.zaxxer.hikari.HikariDataSource - HikariPool-1 - Start completed.
2025-08-02 12:36:55 [main] WARN  org.hibernate.orm.deprecation - HHH90000025: PostgreSQLDialect does not need to be specified explicitly using 'hibernate.dialect' (remove the property setting and it will be selected by default)
2025-08-02 12:36:55 [main] INFO  o.hibernate.orm.connections.pooling - HHH10001005: Database info:
	Database JDBC URL [Connecting through datasource 'HikariDataSource (HikariPool-1)']
	Database driver: undefined/unknown
	Database version: 15.13
	Autocommit mode: undefined/unknown
	Isolation level: undefined/unknown
	Minimum pool size: undefined/unknown
	Maximum pool size: undefined/unknown
2025-08-02 12:36:55 [main] INFO  o.h.e.t.j.p.i.JtaPlatformInitiator - HHH000489: No JTA platform available (set 'hibernate.transaction.jta.platform' to enable JTA platform integration)
2025-08-02 12:36:55 [main] INFO  o.s.o.j.LocalContainerEntityManagerFactoryBean - Initialized JPA EntityManagerFactory for persistence unit 'default'
2025-08-02 12:36:55 [main] WARN  o.s.b.a.o.j.JpaBaseConfiguration$JpaWebConfiguration - spring.jpa.open-in-view is enabled by default. Therefore, database queries may be performed during view rendering. Explicitly configure spring.jpa.open-in-view to disable this warning
2025-08-02 12:36:56 [main] INFO  o.s.b.w.e.tomcat.TomcatWebServer - Tomcat started on port 8080 (http) with context path '/'
2025-08-02 12:36:56 [main] INFO  com.devsu.cliente.ClientApplication - Started ClientApplication in 1.958 seconds (process running for 2.121)
2025-08-02 12:37:01 [http-nio-8080-exec-2] INFO  o.a.c.c.C.[Tomcat].[localhost].[/] - Initializing Spring DispatcherServlet 'dispatcherServlet'
2025-08-02 12:37:01 [http-nio-8080-exec-2] INFO  o.s.web.servlet.DispatcherServlet - Initializing Servlet 'dispatcherServlet'
2025-08-02 12:37:01 [http-nio-8080-exec-2] INFO  o.s.web.servlet.DispatcherServlet - Completed initialization in 1 ms
2025-08-02 12:37:01 [http-nio-8080-exec-2] INFO  c.d.c.controller.ClienteController - Recibida solicitud para crear nuevo cliente
2025-08-02 12:37:01 [http-nio-8080-exec-2] DEBUG c.d.c.controller.ClienteController - Datos del cliente a crear: com.devsu.cliente.model.Cliente@2a461bca
2025-08-02 12:37:01 [http-nio-8080-exec-2] DEBUG c.d.cliente.service.ClienteService - Validando datos de cliente
2025-08-02 12:37:01 [http-nio-8080-exec-2] DEBUG c.d.cliente.service.ClienteService - Validación de cliente completada exitosamente
2025-08-02 12:37:01 [http-nio-8080-exec-2] DEBUG org.hibernate.SQL - select nextval('cliente_seq')
2025-08-02 12:37:01 [http-nio-8080-exec-2] DEBUG org.hibernate.SQL - insert into cliente (contrasena,direccion,edad,estado,genero,identificacion,nombre,telefono,cliente_id) values (?,?,?,?,?,?,?,?,?)
2025-08-02 12:37:01 [http-nio-8080-exec-2] INFO  c.d.cliente.service.ClienteService - Cliente guardado exitosamente con ID: 402
2025-08-02 12:37:01 [http-nio-8080-exec-2] INFO  c.d.c.controller.ClienteController - Cliente creado exitosamente con ID: 402
2025-08-02 12:37:30 [http-nio-8080-exec-3] INFO  c.d.c.controller.ClienteController - Recibida solicitud para eliminar cliente con ID: 402
2025-08-02 12:37:30 [http-nio-8080-exec-3] INFO  c.d.cliente.service.ClienteService - Iniciando eliminación de cliente con ID: 402
2025-08-02 12:37:30 [http-nio-8080-exec-3] DEBUG org.hibernate.SQL - select count(*) from cliente c1_0 where c1_0.cliente_id=?
2025-08-02 12:37:30 [http-nio-8080-exec-3] DEBUG org.hibernate.SQL - select c1_0.cliente_id,c1_0.contrasena,c1_0.direccion,c1_0.edad,c1_0.estado,c1_0.genero,c1_0.identificacion,c1_0.nombre,c1_0.telefono from cliente c1_0 where c1_0.cliente_id=?
2025-08-02 12:37:30 [http-nio-8080-exec-3] DEBUG org.hibernate.SQL - delete from cliente where cliente_id=?
2025-08-02 12:37:30 [http-nio-8080-exec-3] INFO  c.d.cliente.service.ClienteService - Cliente eliminado exitosamente con ID: 402
2025-08-02 12:37:30 [http-nio-8080-exec-3] INFO  c.d.c.controller.ClienteController - Cliente eliminado exitosamente con ID: 402
2025-08-02 12:41:13 [SpringApplicationShutdownHook] INFO  o.s.b.w.e.tomcat.GracefulShutdown - Commencing graceful shutdown. Waiting for active requests to complete
2025-08-02 12:41:13 [tomcat-shutdown] INFO  o.s.b.w.e.tomcat.GracefulShutdown - Graceful shutdown complete
2025-08-02 12:41:13 [SpringApplicationShutdownHook] INFO  o.s.o.j.LocalContainerEntityManagerFactoryBean - Closing JPA EntityManagerFactory for persistence unit 'default'
2025-08-02 12:41:13 [SpringApplicationShutdownHook] INFO  com.zaxxer.hikari.HikariDataSource - HikariPool-1 - Shutdown initiated...
2025-08-02 12:41:13 [SpringApplicationShutdownHook] INFO  com.zaxxer.hikari.HikariDataSource - HikariPool-1 - Shutdown completed.
